// Vitest Snapshot v1, https://vitest.dev/guide/snapshot.html

exports[`Model Info > # run() 1`] = `
{
  "about": "I travel the world with my boyfriend, bringing you with us in our adventures!",
  "awarded": false,
  "bio": "",
  "ethnicity": "Asian",
  "fakeBoobs": false,
  "featuredIn": [],
  "gender": "Female",
  "hairColor": "Black",
  "height": "5' 2\\" (157cm)",
  "interestedIn": "Guys and Girls",
  "name": "Luna Okko",
  "piercings": false,
  "premium": false,
  "relationship": "Taken",
  "socials": {
    "amazonWishList": undefined,
    "instagram": "https://www.instagram.com/lunaokko",
    "modelhub": undefined,
    "snapchat": undefined,
    "twitter": "https://www.twitter.com/lunaokko_",
    "website": "https://lunaokko.com",
  },
  "tattoos": true,
  "verified": true,
  "weight": "88lbs. (40kg)",
}
`;
